// Jest Snapshot v1, https://goo.gl/fbAQLP

exports[`BIMDataTextarea should render a disabled component and match snapshot 1`] = `
"<div class=\\"bimdata-textarea\\" style=\\"min-width: 150px; min-height: 32px;\\" disabled=\\"disabled\\"><textarea name=\\"\\" id=\\"\\" disabled=\\"disabled\\"></textarea> <label for=\\"\\"></label> <span class=\\"bar\\"></span>
  <!---->
  <!---->
</div>"
`;

exports[`BIMDataTextarea should render component and match snapshot 1`] = `
"<div class=\\"bimdata-textarea\\" style=\\"min-width: 150px; min-height: 32px;\\"><textarea name=\\"\\" id=\\"\\"></textarea> <label for=\\"\\"></label> <span class=\\"bar\\"></span>
  <!---->
  <!---->
</div>"
`;

exports[`BIMDataTextarea should render component with a custom height and match snapshot 1`] = `
"<div class=\\"bimdata-textarea\\" style=\\"min-width: 150px; min-height: 50px;\\"><textarea name=\\"\\" id=\\"\\"></textarea> <label for=\\"\\"></label> <span class=\\"bar\\"></span>
  <!---->
  <!---->
</div>"
`;

exports[`BIMDataTextarea should render component with a custom width and match snapshot 1`] = `
"<div class=\\"bimdata-textarea\\" style=\\"min-width: 50px; min-height: 32px;\\"><textarea name=\\"\\" id=\\"\\"></textarea> <label for=\\"\\"></label> <span class=\\"bar\\"></span>
  <!---->
  <!---->
</div>"
`;

exports[`BIMDataTextarea should render component with custom label and match snapshot 1`] = `
"<div class=\\"bimdata-textarea\\" style=\\"min-width: 150px; min-height: 32px;\\"><textarea name=\\"\\" id=\\"\\"></textarea> <label for=\\"\\">textarea label</label> <span class=\\"bar\\"></span>
  <!---->
  <!---->
</div>"
`;

exports[`BIMDataTextarea should render component with custom name, match with id and match snapshot 1`] = `
"<div class=\\"bimdata-textarea\\" style=\\"min-width: 150px; min-height: 32px;\\"><textarea name=\\"placeholderName\\" id=\\"placeholderName\\"></textarea> <label for=\\"placeholderName\\"></label> <span class=\\"bar\\"></span>
  <!---->
  <!---->
</div>"
`;

exports[`BIMDataTextarea should render component with custom placeholder, contains 'not-empty' class and match snapshot 1`] = `
"<div class=\\"bimdata-textarea not-empty\\" style=\\"min-width: 150px; min-height: 32px;\\"><textarea name=\\"\\" id=\\"\\" placeholder=\\"textarea placeholder\\"></textarea> <label for=\\"\\"></label> <span class=\\"bar\\"></span>
  <!---->
  <!---->
</div>"
`;
